// Jest Snapshot v1, https://goo.gl/fbAQLP

exports[`Pruebas en <TodoApp /> debe de mostrarse correctamente  1`] = `
<div>
  <h1>
    TodoAPP (
    0
    )
  </h1>
  <hr />
  <div
    className="row"
  >
    <TodoList
      deleteTodo={[Function]}
      handleToggle={[Function]}
      todos={Array []}
    />
    <div
      className="col-7"
    >
      <TodoAdd
        handleAddTodo={[Function]}
      />
    </div>
  </div>
</div>
`;
